  Determining projects to restore...
  All projects are up-to-date for restore.
  PrimusSaaS.Identity.Validator -> C:\Users\Akki\Primus SaaS\sdk\dotnet\PrimusSaaS.Identity.Validator\bin\Debug\net7.0\PrimusSaaS.Identity.Validator.dll
  PrimusSaaS.Logging -> C:\Users\Akki\Primus SaaS\sdk\logging\dotnet\PrimusSaaS.Logging\bin\Debug\net7.0\PrimusSaaS.Logging.dll
  Primus.Notifications -> C:\Users\Akki\Primus SaaS\sdk\dotnet\Primus.Notifications\bin\Debug\net7.0\Primus.Notifications.dll
C:\Users\Akki\Primus SaaS\test-apps\PrimusECommerce\Program.cs(22,13): error CS1061: 'PrimusIdentityOptions' does not contain a definition for 'ApiKeyHeaderName' and no accessible extension method 'ApiKeyHeaderName' accepting a first argument of type 'PrimusIdentityOptions' could be found (are you missing a using directive or an assembly reference?) [C:\Users\Akki\Primus SaaS\test-apps\PrimusECommerce\PrimusECommerce.csproj]
C:\Users\Akki\Primus SaaS\test-apps\PrimusECommerce\Program.cs(23,13): error CS1061: 'PrimusIdentityOptions' does not contain a definition for 'ApiKeys' and no accessible extension method 'ApiKeys' accepting a first argument of type 'PrimusIdentityOptions' could be found (are you missing a using directive or an assembly reference?) [C:\Users\Akki\Primus SaaS\test-apps\PrimusECommerce\PrimusECommerce.csproj]
C:\Users\Akki\Primus SaaS\test-apps\PrimusECommerce\Program.cs(48,17): error CS1061: 'SmtpOptions' does not contain a definition for 'FromEmail' and no accessible extension method 'FromEmail' accepting a first argument of type 'SmtpOptions' could be found (are you missing a using directive or an assembly reference?) [C:\Users\Akki\Primus SaaS\test-apps\PrimusECommerce\PrimusECommerce.csproj]
C:\Users\Akki\Primus SaaS\test-apps\PrimusECommerce\Program.cs(73,1): warning CS0618: 'ApplicationBuilderExtensions.UsePrimusLogging(IApplicationBuilder)' is obsolete: 'Use app.UsePrimusLogging() via PrimusSaaS.Logging.Extensions.LoggingExtensions to avoid ambiguous extension resolution.' [C:\Users\Akki\Primus SaaS\test-apps\PrimusECommerce\PrimusECommerce.csproj]
C:\Users\Akki\Primus SaaS\test-apps\PrimusECommerce\Program.cs(31,22): warning CS8601: Possible null reference assignment. [C:\Users\Akki\Primus SaaS\test-apps\PrimusECommerce\PrimusECommerce.csproj]

Build FAILED.

C:\Users\Akki\Primus SaaS\test-apps\PrimusECommerce\Program.cs(73,1): warning CS0618: 'ApplicationBuilderExtensions.UsePrimusLogging(IApplicationBuilder)' is obsolete: 'Use app.UsePrimusLogging() via PrimusSaaS.Logging.Extensions.LoggingExtensions to avoid ambiguous extension resolution.' [C:\Users\Akki\Primus SaaS\test-apps\PrimusECommerce\PrimusECommerce.csproj]
C:\Users\Akki\Primus SaaS\test-apps\PrimusECommerce\Program.cs(31,22): warning CS8601: Possible null reference assignment. [C:\Users\Akki\Primus SaaS\test-apps\PrimusECommerce\PrimusECommerce.csproj]
C:\Users\Akki\Primus SaaS\test-apps\PrimusECommerce\Program.cs(22,13): error CS1061: 'PrimusIdentityOptions' does not contain a definition for 'ApiKeyHeaderName' and no accessible extension method 'ApiKeyHeaderName' accepting a first argument of type 'PrimusIdentityOptions' could be found (are you missing a using directive or an assembly reference?) [C:\Users\Akki\Primus SaaS\test-apps\PrimusECommerce\PrimusECommerce.csproj]
C:\Users\Akki\Primus SaaS\test-apps\PrimusECommerce\Program.cs(23,13): error CS1061: 'PrimusIdentityOptions' does not contain a definition for 'ApiKeys' and no accessible extension method 'ApiKeys' accepting a first argument of type 'PrimusIdentityOptions' could be found (are you missing a using directive or an assembly reference?) [C:\Users\Akki\Primus SaaS\test-apps\PrimusECommerce\PrimusECommerce.csproj]
C:\Users\Akki\Primus SaaS\test-apps\PrimusECommerce\Program.cs(48,17): error CS1061: 'SmtpOptions' does not contain a definition for 'FromEmail' and no accessible extension method 'FromEmail' accepting a first argument of type 'SmtpOptions' could be found (are you missing a using directive or an assembly reference?) [C:\Users\Akki\Primus SaaS\test-apps\PrimusECommerce\PrimusECommerce.csproj]
    2 Warning(s)
    3 Error(s)

Time Elapsed 00:00:11.97
