  Determining projects to restore...
  All projects are up-to-date for restore.
  PrimusSaaS.Identity.Validator -> C:\Users\Akki\Primus SaaS\sdk\dotnet\PrimusSaaS.Identity.Validator\bin\Debug\net7.0\PrimusSaaS.Identity.Validator.dll
  PrimusSaaS.Logging -> C:\Users\Akki\Primus SaaS\sdk\logging\dotnet\PrimusSaaS.Logging\bin\Debug\net7.0\PrimusSaaS.Logging.dll
  Primus.Notifications -> C:\Users\Akki\Primus SaaS\sdk\dotnet\Primus.Notifications\bin\Debug\net7.0\Primus.Notifications.dll
C:\Users\Akki\Primus SaaS\test-apps\PrimusECommerce\Controllers\OrdersController.cs(14,22): error CS0246: The type or namespace name 'NotificationService' could not be found (are you missing a using directive or an assembly reference?) [C:\Users\Akki\Primus SaaS\test-apps\PrimusECommerce\PrimusECommerce.csproj]
C:\Users\Akki\Primus SaaS\test-apps\PrimusECommerce\Controllers\OrdersController.cs(16,63): error CS0246: The type or namespace name 'NotificationService' could not be found (are you missing a using directive or an assembly reference?) [C:\Users\Akki\Primus SaaS\test-apps\PrimusECommerce\PrimusECommerce.csproj]

Build FAILED.

C:\Users\Akki\Primus SaaS\test-apps\PrimusECommerce\Controllers\OrdersController.cs(14,22): error CS0246: The type or namespace name 'NotificationService' could not be found (are you missing a using directive or an assembly reference?) [C:\Users\Akki\Primus SaaS\test-apps\PrimusECommerce\PrimusECommerce.csproj]
C:\Users\Akki\Primus SaaS\test-apps\PrimusECommerce\Controllers\OrdersController.cs(16,63): error CS0246: The type or namespace name 'NotificationService' could not be found (are you missing a using directive or an assembly reference?) [C:\Users\Akki\Primus SaaS\test-apps\PrimusECommerce\PrimusECommerce.csproj]
    0 Warning(s)
    2 Error(s)

Time Elapsed 00:00:04.86
